Hello!
5
89
Erik
150
[10 20 30 40 50]
2
[0 1 2 3 666 5 6 7 8 9]
[1 2 3 500]
Print!
10
30
50
70
90
20
60
100
140
180
[0 1 1 0 1 0 0 0 0 1]
10000
\#
-6000
[1 4 9 16 25]
ANSWER: 164
YES
[@"Yo!" @"Yo!" @"Yo!"]
(Simple)
(Complex 12345 3.14f 99.99 @"yo" \x)
[10.0009f 15.7845f 10.6726f 15.038f 13.9321f 16.2751f 15.6454f 11.4638f 11.5156f 12.1631f]
(Outer [(Inner) (Inner) (Inner)])
(==> 8 inc inc (Int./ 100) dec) = 9
(=> 8 inc inc (Int./ 2) dec) = 4
(==> 5 (Int.- 2)) = -3
(=> 5 (Int.- 2)) = 3
[10 3 75 40]
[(Age 10) (Age 3) (Age 75) (Age 40)]
4
goodbye
