101
101
[11 21 31 41 51]
[11 21 31 41 51]
[11 21 31 41 51]
[11 21 31 41 51]
(Box 1000)
[10 100 1000 10000]
