Charlie is 23 years old.
Dave is 56 years old.
Maria is 0 years old.
123
true
false
