[3 10 40 75]
[(Age 3) (Age 10) (Age 40) (Age 75)]
