Something like 123
Nada
(Water)
Grade.B has value 15
Yo
Yes
1
