[(Monster (Pos 0.00782637f 31.5378f) 100 @"Pegasus") (Monster (Pos 55.6053f 58.6501f) 100 @"Dragon") (Monster (Pos 32.7672f 18.9592f) 100 @"Devil")]
[(Monster (Pos 1.00783f 32.5378f) 100 @"Pegasus") (Monster (Pos 56.6053f 59.6501f) 100 @"Dragon") (Monster (Pos 33.7672f 19.9592f) 100 @"Devil")]
[33m=> 0
[37m