No forms in match-expression: no_forms_in_match.carp:4:3
