Uneven number of forms in match-expression: uneven_nr_of_forms_in_match.carp:4:3
